#-----------------------------------------------------------
# Webtalk v2017.4.1 (64-bit)
# SW Build 2117270 on Tue Jan 30 15:32:00 MST 2018
# IP Build 2095745 on Tue Jan 30 17:13:15 MST 2018
# Start of session at: Fri Sep 21 11:12:54 2018
# Process ID: 8092
# Current directory: E:/AD9371/hdl-hdl_2018_r1/projects/adrv9371x/kcu105/adrv9371x_kcu105.sim/sim_1/behav/xsim
# Command line: wbtcv.exe -mode batch -source E:/AD9371/hdl-hdl_2018_r1/projects/adrv9371x/kcu105/adrv9371x_kcu105.sim/sim_1/behav/xsim/xsim.dir/system_top_behav/webtalk/xsim_webtalk.tcl -notrace
# Log file: E:/AD9371/hdl-hdl_2018_r1/projects/adrv9371x/kcu105/adrv9371x_kcu105.sim/sim_1/behav/xsim/webtalk.log
# Journal file: E:/AD9371/hdl-hdl_2018_r1/projects/adrv9371x/kcu105/adrv9371x_kcu105.sim/sim_1/behav/xsim\webtalk.jou
#-----------------------------------------------------------
source E:/AD9371/hdl-hdl_2018_r1/projects/adrv9371x/kcu105/adrv9371x_kcu105.sim/sim_1/behav/xsim/xsim.dir/system_top_behav/webtalk/xsim_webtalk.tcl -notrace
